============================= test session starts =============================
platform win32 -- Python 3.13.9, pytest-8.3.4, pluggy-1.6.0
rootdir: D:\stk\stock-verify-system\backend
configfile: pytest.ini
plugins: anyio-4.12.0, hypothesis-6.150.0, langsmith-0.5.0, asyncio-0.24.0, cov-7.0.0, subtests-0.15.0, respx-0.22.0, schemathesis-4.8.0, typeguard-4.4.4
asyncio: mode=Mode.AUTO, default_loop_scope=function
collected 1 item

tests\test_count_lines_api.py E                                          [100%]

=================================== ERRORS ====================================
____ ERROR at setup of TestCreateCountLine.test_create_count_line_success _____
file D:\stk\stock-verify-system\backend\tests\test_count_lines_api.py, line 234
      @pytest.mark.asyncio
      async def test_create_count_line_success(self, mock_db, line_data, erp_item):
          """Test successful count line creation"""
          mock_db.sessions.find_one.return_value = {"id": "session123", "status": "OPEN"}
          mock_db.erp_items.find_one.return_value = erp_item
          mock_db.count_lines.count_documents = AsyncMock(return_value=0)  # No duplicate
          mock_db.count_lines.insert_one = AsyncMock()
          mock_db.sessions.update_one = AsyncMock()

          with patch("backend.api.count_lines_api._get_db_client", return_value=mock_db):
              result = await create_count_line(
                  request=Mock(),
                  line_data=line_data,
                  current_user={"username": "testuser"},
              )

          assert result["session_id"] == "session123"
          assert result["item_code"] == "ITEM001"
          assert result["counted_qty"] == 50
          assert result["variance"] == 10
          assert result["counted_by"] == "testuser"
          assert result["approval_status"] == "PENDING"
file D:\stk\stock-verify-system\backend\tests\test_count_lines_api.py, line 22
  @pytest.fixture(autouse=True)
  def reset_mocks(mocker):
E       fixture 'mocker' not found
>       available fixtures: _session_event_loop, anyio_backend, anyio_backend_name, anyio_backend_options, async_client, authenticated_headers, cache, capfd, capfdbinary, caplog, capsys, capsysbinary, clean_overrides, cleanup_websockets, cov, doctest_namespace, erp_item, event_loop, event_loop_policy, free_tcp_port, free_tcp_port_factory, free_udp_port, free_udp_port_factory, line_data, mock_db, mock_sql_connection, mongo_client, monkeypatch, no_cover, performance_baseline, pytestconfig, record_property, record_testsuite_property, record_xml_attribute, recwarn, reset_mocks, respx_mock, subtests, temp_dir, test_cache, test_db, tests/test_count_lines_api.py::<event_loop>, tests/test_count_lines_api.py::TestCreateCountLine::<event_loop>, tests::<event_loop>, tmp_path, tmp_path_factory, tmpdir, tmpdir_factory, unused_tcp_port, unused_tcp_port_factory, unused_udp_port, unused_udp_port_factory
>       use 'pytest --fixtures [testpath]' for help on them.

D:\stk\stock-verify-system\backend\tests\test_count_lines_api.py:22
----------------------------- Captured log setup ------------------------------
INFO     backend.api.legacy_routes:legacy_routes.py:220 Password hashing: Using Argon2 with bcrypt fallback\nINFO     backend.utils.tracing:tracing.py:48 Tracing is disabled (set STOCK_VERIFY_TRACING_ENABLED=1 to enable)\nINFO     backend.core.lifespan:lifespan.py:221 Password hashing: Using Argon2 with bcrypt fallback\nINFO     backend.services.cache_service:cache_service.py:73 Redis client created (pending connection verification)\nINFO     root:lifespan.py:286 \u2713 ERP sync service initialized\nINFO     root:lifespan.py:301 \u2713 Change detection sync service initialized\nINFO     root:lifespan.py:316 \u2713 Auto-sync manager initialized\nINFO     stock-verify:server.py:254 \u2713 Security headers middleware enabled\nINFO     stock-verify:server.py:326 \u2713 Phase 1-3 upgrade routers registered\nINFO     stock-verify:server.py:327 \u2713 Admin Dashboard, Report Generation, and Dynamic Reports APIs registered\nINFO     stock-verify:server.py:332 \u2713 Enterprise API router registered at /api/enterprise/*\nINFO     stock-verify:server.py:343 Route: /openapi.json\nINFO     stock-verify:server.py:343 Route: /docs\nINFO     stock-verify:server.py:343 Route: /docs/oauth2-redirect\nINFO     stock-verify:server.py:343 Route: /redoc\nINFO     stock-verify:server.py:343 Route: /health/\nINFO     stock-verify:server.py:343 Route: /health\nINFO     stock-verify:server.py:343 Route: /health/live\nINFO     stock-verify:server.py:343 Route: /health/ready\nINFO     stock-verify:server.py:343 Route: /health/startup\nINFO     stock-verify:server.py:343 Route: /health/detailed\nINFO     stock-verify:server.py:343 Route: /api/health/\nINFO     stock-verify:server.py:343 Route: /api/health\nINFO     stock-verify:server.py:343 Route: /api/health/live\nINFO     stock-verify:server.py:343 Route: /api/health/ready\nINFO     stock-verify:server.py:343 Route: /api/health/startup\nINFO     stock-verify:server.py:343 Route: /api/health/detailed\nINFO     stock-verify:server.py:343 Route: /api/version\nINFO     stock-verify:server.py:343 Route: /api/version/check\nINFO     stock-verify:server.py:343 Route: /\nINFO     stock-verify:server.py:343 Route: /api/permissions/available\nINFO     stock-verify:server.py:343 Route: /api/permissions/roles\nINFO     stock-verify:server.py:343 Route: /api/permissions/users/{username}\nINFO     stock-verify:server.py:343 Route: /api/permissions/users/{username}/add\nINFO     stock-verify:server.py:343 Route: /api/permissions/users/{username}/remove\nINFO     stock-verify:server.py:343 Route: /api/permissions/users/{username}/disable\nINFO     stock-verify:server.py:343 Route: /api/permissions/users/{username}/enable\nINFO     stock-verify:server.py:343 Route: /api/users\nINFO     stock-verify:server.py:343 Route: /api/users/{user_id}\nINFO     stock-verify:server.py:343 Route: /api/users\nINFO     stock-verify:server.py:343 Route: /api/users/{user_id}\nINFO     stock-verify:server.py:343 Route: /api/users/{user_id}\nINFO     stock-verify:server.py:343 Route: /api/users/bulk\nINFO     stock-verify:server.py:343 Route: /api/users/roles/available\nINFO     stock-verify:server.py:343 Route: /api/users/{user_id}/reset-password\nINFO     stock-verify:server.py:343 Route: /api/users/{user_id}/reset-pin\nINFO     stock-verify:server.py:343 Route: /api/mapping/tables\nINFO     stock-verify:server.py:343 Route: /api/mapping/columns\nINFO     stock-verify:server.py:343 Route: /api/mapping/preview\nINFO     stock-verify:server.py:343 Route: /api/mapping/save\nINFO     stock-verify:server.py:343 Route: /api/mapping/current\nINFO     stock-verify:server.py:343 Route: /api/exports/schedules\nINFO     stock-verify:server.py:343 Route: /api/exports/schedules\nINFO     stock-verify:server.py:343 Route: /api/exports/schedules/{schedule_id}\nINFO     stock-verify:server.py:343 Route: /api/exports/schedules/{schedule_id}\nINFO     stock-verify:server.py:343 Route: /api/exports/schedules/{schedule_id}\nINFO     stock-verify:server.py:343 Route: /api/exports/schedules/{schedule_id}/execute\nINFO     stock-verify:server.py:343 Route: /api/exports/results\nINFO     stock-verify:server.py:343 Route: /api/exports/results/{result_id}/download\nINFO     stock-verify:server.py:343 Route: /api/auth/register\nINFO     stock-verify:server.py:343 Route: /api/auth/login\nINFO     stock-verify:server.py:343 Route: /api/auth/login-pin\nINFO     stock-verify:server.py:343 Route: /api/auth/pin-setup\nINFO     stock-verify:server.py:343 Route: /api/auth/me\nINFO     stock-verify:server.py:343 Route: /api/auth/heartbeat\nINFO     stock-verify:server.py:343 Route: /api/auth/change-pin\nINFO     stock-verify:server.py:343 Route: /api/auth/change-password\nINFO     stock-verify:server.py:343 Route: /api/auth/password-reset/request\nINFO     stock-verify:server.py:343 Route: /api/auth/password-reset/verify\nINFO     stock-verify:server.py:343 Route: /api/auth/password-reset/confirm\nINFO     stock-verify:server.py:343 Route: /api/items/search/optimized\nINFO     stock-verify:server.py:343 Route: /api/items/search/optimized\nINFO     stock-verify:server.py:343 Route: /api/items/search/suggestions\nINFO     stock-verify:server.py:343 Route: /api/items/search/filters\nINFO     stock-verify:server.py:343 Route: /api/metrics\nINFO     stock-verify:server.py:343 Route: /api/metrics/json\nINFO     stock-verify:server.py:343 Route: /api/metrics/health\nINFO     stock-verify:server.py:343 Route: /api/metrics/stats\nINFO     stock-verify:server.py:343 Route: /api/metrics/staff-performance\nINFO     stock-verify:server.py:343 Route: /api/sync/status\nINFO     stock-verify:server.py:343 Route: /api/sync/stats\nINFO     stock-verify:server.py:343 Route: /api/sync/trigger\nINFO     stock-verify:server.py:343 Route: /api/sync/erp\nINFO     stock-verify:server.py:343 Route: /api/sync/changes\nINFO     stock-verify:server.py:343 Route: /api/sync/changes/stats\nINFO     stock-verify:server.py:343 Route: /api/diagnosis/health\nINFO     stock-verify:server.py:343 Route: /api/diagnosis/statistics\nINFO     stock-verify:server.py:343 Route: /api/diagnosis/diagnose\nINFO     stock-verify:server.py:343 Route: /api/diagnosis/auto-fix\nINFO     stock-verify:server.py:343 Route: /api/diagnosis/patterns\nINFO     stock-verify:server.py:343 Route: /api/admin/security/failed-logins\nINFO     stock-verify:server.py:343 Route: /api/admin/security/suspicious-activity\nINFO     stock-verify:server.py:343 Route: /api/admin/security/sessions\nINFO     stock-verify:server.py:343 Route: /api/admin/security/audit-log\nINFO     stock-verify:server.py:343 Route: /api/admin/security/ip-tracking\nINFO     stock-verify:server.py:343 Route: /api/admin/security/summary\nINFO     stock-verify:server.py:343 Route: /api/v2/erp/items/{barcode}/update-master\nINFO     stock-verify:server.py:343 Route: /api/v2/erp/items/{barcode}/refresh-sql-qty\nINFO     stock-verify:server.py:343 Route: /api/v2/erp/items/{barcode}/verify\nINFO     stock-verify:server.py:343 Route: /api/v2/erp/items/filtered\nINFO     stock-verify:server.py:343 Route: /api/v2/erp/items/export/csv\nINFO     stock-verify:server.py:343 Route: /api/v2/erp/items/variances\nINFO     stock-verify:server.py:343 Route: /api/v2/erp/items/live/users\nINFO     stock-verify:server.py:343 Route: /api/v2/erp/items/live/verifications\nINFO     stock-verify:server.py:343 Route: /api/erp/items/barcode/{barcode}\nINFO     stock-verify:server.py:343 Route: /api/erp/items/{item_code}/refresh-stock\nINFO     stock-verify:server.py:343 Route: /api/erp/config\nINFO     stock-verify:server.py:343 Route: /api/item-batches/{item_code}\nINFO     stock-verify:server.py:343 Route: /api/erp/test\nINFO     stock-verify:server.py:343 Route: /api/erp/items\nINFO     stock-verify:server.py:343 Route: /api/items/search\nINFO     stock-verify:server.py:343 Route: /api/variance-reasons\nINFO     stock-verify:server.py:343 Route: /api/variance/trend\nINFO     stock-verify:server.py:343 Route: /api/admin/control/services/status\nINFO     stock-verify:server.py:343 Route: /api/admin/control/services/backend/start\nINFO     stock-verify:server.py:343 Route: /api/admin/control/services/backend/stop\nINFO     stock-verify:server.py:343 Route: /api/admin/control/services/frontend/start\nINFO     stock-verify:server.py:343 Route: /api/admin/control/services/frontend/stop\nINFO     stock-verify:server.py:343 Route: /api/admin/control/system/issues\nINFO     stock-verify:server.py:343 Route: /api/admin/control/devices\nINFO     stock-verify:server.py:343 Route: /api/admin/control/reports/available\nINFO     stock-verify:server.py:343 Route: /api/admin/control/reports/generate\nINFO     stock-verify:server.py:343 Route: /api/admin/control/logs/{service}\nINFO     stock-verify:server.py:343 Route: /api/admin/control/logs/clear\nINFO     stock-verify:server.py:343 Route: /api/admin/control/sql-server/config\nINFO     stock-verify:server.py:343 Route: /api/admin/control/sql-server/config\nINFO     stock-verify:server.py:343 Route: /api/admin/control/sql-server/test\nINFO     stock-verify:server.py:343 Route: /api/admin/control/system/health-score\nINFO     stock-verify:server.py:343 Route: /api/admin/control/system/stats\nINFO     stock-verify:server.py:343 Route: /api/admin/control/watchdog/run\nINFO     stock-verify:server.py:343 Route: /api/dynamic-fields/definitions\nINFO     stock-verify:server.py:343 Route: /api/dynamic-fields/definitions\nINFO     stock-verify:server.py:343 Route: /api/dynamic-fields/definitions/{field_id}\nINFO     stock-verify:server.py:343 Route: /api/dynamic-fields/definitions/{field_id}\nINFO     stock-verify:server.py:343 Route: /api/dynamic-fields/values\nINFO     stock-verify:server.py:343 Route: /api/dynamic-fields/values/bulk\nINFO     stock-verify:server.py:343 Route: /api/dynamic-fields/values/{item_code}\nINFO     stock-verify:server.py:343 Route: /api/dynamic-fields/items\nINFO     stock-verify:server.py:343 Route: /api/dynamic-fields/statistics/{field_name}\nINFO     stock-verify:server.py:343 Route: /api/dynamic-reports/templates\nINFO     stock-verify:server.py:343 Route: /api/dynamic-reports/templates\nINFO     stock-verify:server.py:343 Route: /api/dynamic-reports/generate\nINFO     stock-verify:server.py:343 Route: /api/dynamic-reports/history\nINFO     stock-verify:server.py:343 Route: /api/dynamic-reports/{report_id}/download\nINFO     stock-verify:server.py:343 Route: /api/dynamic-reports/quick/items-with-fields\nINFO     stock-verify:server.py:343 Route: /api/dynamic-reports/quick/variance-summary\nINFO     stock-verify:server.py:343 Route: /api/dashboard/columns\nINFO     stock-verify:server.py:343 Route: /api/dashboard/data\nINFO     stock-verify:server.py:343 Route: /api/dashboard/item/{item_id}\nINFO     stock-verify:server.py:343 Route: /api/dashboard/stats\nINFO     stock-verify:server.py:343 Route: /api/dashboard/filters/options\nINFO     stock-verify:server.py:343 Route: /api/dashboard/stream\nINFO     stock-verify:server.py:343 Route: /api/dashboard/ws/{token}\nINFO     stock-verify:server.py:343 Route: /api/dashboard/export/csv\nINFO     stock-verify:server.py:343 Route: /api/dashboard/export/xlsx\nINFO     stock-verify:server.py:343 Route: /api/error-logs\nINFO     stock-verify:server.py:343 Route: /api/error-logs\nINFO     stock-verify:server.py:343 Route: /api/error-logs/stats\nINFO     stock-verify:server.py:343 Route: /api/error-logs/{log_id}\nINFO     stock-verify:server.py:343 Route: /api/error-logs/{log_id}/resolve\nINFO     stock-verify:server.py:343 Route: /api/activity-logs\nINFO     stock-verify:server.py:343 Route: /api/activity-logs/stats\nINFO     stock-verify:server.py:343 Route: /api/admin/settings/parameters\nINFO     stock-verify:server.py:343 Route: /api/admin/settings/parameters\nINFO     stock-verify:server.py:343 Route: /api/admin/settings/categories\nINFO     stock-verify:server.py:343 Route: /api/admin/settings/reset\nINFO     stock-verify:server.py:343 Route: /api/admin/logs/backend\nINFO     stock-verify:server.py:343 Route: /api/admin/logs/frontend\nINFO     stock-verify:server.py:343 Route: /api/admin/logs/mongodb\nINFO     stock-verify:server.py:343 Route: /api/admin/logs/system\nINFO     stock-verify:server.py:343 Route: /api/admin/logs/clear\nINFO     stock-verify:server.py:343 Route: /api/locations/warehouses\nINFO     stock-verify:server.py:343 Route: /api/locations/zones\nINFO     stock-verify:server.py:343 Route: /api/count-lines/draft\nINFO     stock-verify:server.py:343 Route: /api/count-lines\nINFO     stock-verify:server.py:343 Route: /api/count-lines\nINFO     stock-verify:server.py:343 Route: /api/count-lines/{line_id}/approve\nINFO     stock-verify:server.py:343 Route: /api/count-lines/{line_id}/reject\nINFO     stock-verify:server.py:343 Route: /api/count-lines/check/{session_id}/{item_code}\nINFO     stock-verify:server.py:343 Route: /api/count-lines/session/{session_id}\nINFO     stock-verify:server.py:343 Route: /api/count-lines/{line_id}\nINFO     stock-verify:server.py:343 Route: /api/sessions/{session_id}/items/{item_code}/scan-status\nINFO     stock-verify:server.py:343 Route: /api/count-lines/bulk/approve\nINFO     stock-verify:server.py:343 Route: /api/count-lines/bulk/reject\nINFO     stock-verify:server.py:343 Route: /api/item-batches/{item_identifier}\nINFO     stock-verify:server.py:343 Route: /api/analytics/heatmap\nINFO     stock-verify:server.py:343 Route: /api/sync/batch\nINFO     stock-verify:server.py:343 Route: /api/sync/heartbeat\nINFO     stock-verify:server.py:343 Route: /api/racks/available\nINFO     stock-verify:server.py:343 Route: /api/racks/floors\nINFO     stock-verify:server.py:343 Route: /api/racks/{rack_id}/claim\nINFO     stock-verify:server.py:343 Route: /api/racks/{rack_id}/release\nINFO     stock-verify:server.py:343 Route: /api/racks/{rack_id}/pause\nINFO     stock-verify:server.py:343 Route: /api/racks/{rack_id}/resume\nINFO     stock-verify:server.py:343 Route: /api/racks/{rack_id}/status\nINFO     stock-verify:server.py:343 Route: /api/racks/user/active\nINFO     stock-verify:server.py:343 Route: /api/sessions\nINFO     stock-verify:server.py:343 Route: /api/sessions/\nINFO     stock-verify:server.py:343 Route: /api/sessions\nINFO     stock-verify:server.py:343 Route: /api/sessions/\nINFO     stock-verify:server.py:343 Route: /api/sessions/active\nINFO     stock-verify:server.py:343 Route: /api/sessions/{session_id}\nINFO     stock-verify:server.py:343 Route: /api/sessions/{session_id}/stats\nINFO     stock-verify:server.py:343 Route: /api/sessions/{session_id}/heartbeat\nINFO     stock-verify:server.py:343 Route: /api/sessions/{session_id}/status\nINFO     stock-verify:server.py:343 Route: /api/sessions/{session_id}/complete\nINFO     stock-verify:server.py:343 Route: /api/sessions/user/history\nINFO     stock-verify:server.py:343 Route: /api/sessions/{session_id}/integrity\nINFO     stock-verify:server.py:343 Route: /api/sessions/logout-all\nINFO     stock-verify:server.py:343 Route: /api/user/settings\nINFO     stock-verify:server.py:343 Route: /api/user/settings\nINFO     stock-verify:server.py:343 Route: /api/user/settings\nINFO     stock-verify:server.py:343 Route: /api/users/me/preferences\nINFO     stock-verify:server.py:343 Route: /api/users/me/preferences\nINFO     stock-verify:server.py:343 Route: /api/reports/query/preview\nINFO     stock-verify:server.py:343 Route: /api/reports/snapshots\nINFO     stock-verify:server.py:343 Route: /api/reports/snapshots\nINFO     stock-verify:server.py:343 Route: /api/reports/snapshots/{snapshot_id}\nINFO     stock-verify:server.py:343 Route: /api/reports/snapshots/{snapshot_id}\nINFO     stock-verify:server.py:343 Route: /api/reports/snapshots/{snapshot_id}/refresh\nINFO     stock-verify:server.py:343 Route: /api/reports/snapshots/{snapshot_id}/export\nINFO     stock-verify:server.py:343 Route: /api/reports/compare\nINFO     stock-verify:server.py:343 Route: /api/reports/compare/{job_id}\nINFO     stock-verify:server.py:343 Route: /api/reports/compare\nINFO     stock-verify:server.py:343 Route: /api/reports/collections\nINFO     stock-verify:server.py:343 Route: /api/admin/dashboard/kpis\nINFO     stock-verify:server.py:343 Route: /api/admin/dashboard/system-status\nINFO     stock-verify:server.py:343 Route: /api/admin/dashboard/active-users\nINFO     stock-verify:server.py:343 Route: /api/admin/dashboard/error-logs\nINFO     stock-verify:server.py:343 Route: /api/admin/dashboard/performance-metrics\nINFO     stock-verify:server.py:343 Route: /api/admin/dashboard/summary\nINFO     stock-verify:server.py:343 Route: /api/reports/types\nINFO     stock-verify:server.py:343 Route: /api/reports/generate\nINFO     stock-verify:server.py:343 Route: /api/reports/export/csv\nINFO     stock-verify:server.py:343 Route: /api/reports/export/xlsx\nINFO     stock-verify:server.py:343 Route: /api/reports/filters/{report_type}\nINFO     stock-verify:server.py:343 Route: /api/admin/errors/report\nINFO     stock-verify:server.py:343 Route: /api/admin/errors\nINFO     stock-verify:server.py:343 Route: /api/admin/errors/dashboard\nINFO     stock-verify:server.py:343 Route: /api/admin/errors/{error_id}\nINFO     stock-verify:server.py:343 Route: /api/admin/errors/{error_id}/status\nINFO     stock-verify:server.py:343 Route: /api/admin/errors/{error_id}\nINFO     stock-verify:server.py:343 Route: /api/admin/errors/stats/summary\nINFO     stock-verify:server.py:343 Route: /ws/updates\nINFO     stock-verify:server.py:343 Route: /api/v2/verification/items/{item_code}/verify-qty\nINFO     stock-verify:server.py:343 Route: /api/v2/erp/items/barcode/{barcode}/enhanced\nINFO     stock-verify:server.py:343 Route: /api/v2/erp/items/search/advanced\nINFO     stock-verify:server.py:343 Route: /api/v2/erp/items/locations\nINFO     stock-verify:server.py:343 Route: /api/v2/erp/items/performance/stats\nINFO     stock-verify:server.py:343 Route: /api/v2/erp/items/sync/realtime\nINFO     stock-verify:server.py:343 Route: /api/v2/erp/items/database/status\nINFO     stock-verify:server.py:343 Route: /api/v2/erp/items/database/optimize\nINFO     stock-verify:server.py:343 Route: /api/pi/chat\nINFO     stock-verify:server.py:343 Route: /api/pi/history\nINFO     stock-verify:server.py:343 Route: /api/pi/status\nINFO     stock-verify:server.py:343 Route: /api/enterprise/audit/logs\nINFO     stock-verify:server.py:343 Route: /api/enterprise/audit/verify-integrity\nINFO     stock-verify:server.py:343 Route: /api/enterprise/audit/compliance-report\nINFO     stock-verify:server.py:343 Route: /api/enterprise/security/summary\nINFO     stock-verify:server.py:343 Route: /api/enterprise/security/ip-lists\nINFO     stock-verify:server.py:343 Route: /api/enterprise/security/ip-list\nINFO     stock-verify:server.py:343 Route: /api/enterprise/security/ip-list/{ip_address}\nINFO     stock-verify:server.py:343 Route: /api/enterprise/security/locked-accounts\nINFO     stock-verify:server.py:343 Route: /api/enterprise/security/unlock-account\nINFO     stock-verify:server.py:343 Route: /api/enterprise/security/events\nINFO     stock-verify:server.py:343 Route: /api/enterprise/security/sessions/{user_id}\nINFO     stock-verify:server.py:343 Route: /api/enterprise/security/sessions/{user_id}\nINFO     stock-verify:server.py:343 Route: /api/enterprise/features\nINFO     stock-verify:server.py:343 Route: /api/enterprise/features/enabled\nINFO     stock-verify:server.py:343 Route: /api/enterprise/features/{key}\nINFO     stock-verify:server.py:343 Route: /api/enterprise/features\nINFO     stock-verify:server.py:343 Route: /api/enterprise/features/{key}\nINFO     stock-verify:server.py:343 Route: /api/enterprise/features/{key}/enable\nINFO     stock-verify:server.py:343 Route: /api/enterprise/features/{key}/disable\nINFO     stock-verify:server.py:343 Route: /api/enterprise/features/{key}\nINFO     stock-verify:server.py:343 Route: /api/enterprise/governance/inventory\nINFO     stock-verify:server.py:343 Route: /api/enterprise/governance/compliance-report\nINFO     stock-verify:server.py:343 Route: /api/enterprise/governance/retention-policies\nINFO     stock-verify:server.py:343 Route: /api/enterprise/governance/retention-policies\nINFO     stock-verify:server.py:343 Route: /api/enterprise/governance/apply-retention\nINFO     stock-verify:server.py:343 Route: /api/enterprise/governance/data-requests\nINFO     stock-verify:server.py:343 Route: /api/enterprise/governance/data-requests\nINFO     stock-verify:server.py:343 Route: /api/enterprise/governance/data-requests/{request_id}/process\nINFO     stock-verify:server.py:343 Route: /api/enterprise/circuit-breakers\nINFO     stock-verify:server.py:343 Route: /api/enterprise/metrics\nINFO     stock-verify:server.py:343 Route: /api/enterprise/metrics/prometheus\nINFO     stock-verify:server.py:343 Route: /api/mapping/test_direct\nINFO     stock-verify:server.py:359 \u2713 Enrichment API router registered\nINFO     stock-verify:server.py:369 \u2713 API v2 router registered
=========================== short test summary info ===========================
ERROR tests/test_count_lines_api.py::TestCreateCountLine::test_create_count_line_success
============================== 1 error in 2.30s ===============================
